[backblue.gif]
[fade.gif]
[index.html]
[iccicct.com/feed/index.html]
[iccicct.com/comments/feed/index.html]
[iccicct.com/wp-content/themes/event-elementor/assets/img/ribbon.jpg]
[iccicct.com/wp-includes/js/jquery/jquery.minf43b.js]
[iccicct.com/wp-includes/js/jquery/jquery-migrate.min5589.js]
[iccicct.com/wp-content/plugins/woocommerce/assets/js/jquery-blockui/jquery.blockUI.minb152.js]
[iccicct.com/wp-content/plugins/woocommerce/assets/js/frontend/add-to-cart.min4615.js]
[iccicct.com/wp-content/plugins/woocommerce/assets/js/js-cookie/js.cookie.minf31e.js]
[iccicct.com/wp-content/plugins/woocommerce/assets/js/frontend/woocommerce.min4615.js]
[iccicct.com/wp-json/wp/v2/pages/313.json]
[iccicct.com/xmlrpc0db0.php]
[iccicct.com/wp-json/index.html]
[iccicct.com/wp-json/oembed/1.0/embedd28a.json]
[iccicct.com/wp-json/oembed/1.0/embeda7b1]
[iccicct.com/wp-content/plugins/woocommerce/assets/fonts/Inter-VariableFont_slnt,wght.woff2]
[iccicct.com/wp-content/plugins/woocommerce/assets/fonts/cardo_normal_400.woff2]
[iccicct.com/wp-content/themes/event-elementor/assets/img/cart-preloader.gif]
[iccicct.com/wp-content/uploads/2024/04/Colorful-Modern-Geometric-Certificate-of-Participation-FINAL-WITH-UPI-ID.pdf]
[iccicct.com/wp-content/uploads/2024/08/WhatsApp-Image-2024-08-17-at-18.56.38_0a35094d.jpg]
[iccicct.com/wp-content/uploads/2024/03/about-dep.jpg]
[iccicct.com/wp-content/uploads/2024/03/tiruchengode-photo.jpg]
[iccicct.com/wp-content/plugins/woocommerce/assets/js/sourcebuster/sourcebuster.min4615.js]
[iccicct.com/wp-content/plugins/woocommerce/assets/js/frontend/order-attribution.min4615.js]
[iccicct.com/wp-content/plugins/metform/public/assets/lib/cute-alert/cute-alert6f61.js]
[iccicct.com/wp-content/themes/event-elementor/js/navigation20b9.js]
[iccicct.com/wp-content/themes/event-elementor/assets/js/theme20b9.js]
[iccicct.com/wp-content/themes/event-elementor/assets/js/jquery-ui20b9.js]
[iccicct.com/wp-content/themes/event-elementor/assets/js/popper20b9.js]
[iccicct.com/wp-content/themes/event-elementor/assets/js/bootstrap20b9.js]
[iccicct.com/wp-content/themes/event-elementor/assets/js/owl.carousel20b9.js]
[iccicct.com/wp-content/themes/event-elementor/assets/js/jquery.magnific-popup20b9.js]
[iccicct.com/wp-content/themes/event-elementor/assets/js/wow20b9.js]
[iccicct.com/wp-content/themes/event-elementor/assets/js/select220b9.js]
[iccicct.com/wp-content/themes/event-elementor/assets/js/custom-slider20b9.js]
[iccicct.com/wp-content/themes/event-elementor/assets/js/custom20b9.js]
[iccicct.com/wp-content/themes/event-elementor/inc/woocommerce/js/woocommerce8a54.js]
[iccicct.com/wp-content/themes/event-elementor/inc/woocommerce/quick-view/js/quick-viewb6a4.js]
[iccicct.com/wp-content/plugins/elementskit-lite/libs/framework/assets/js/frontend-script2072.js]
[iccicct.com/wp-content/plugins/elementskit-lite/widgets/init/assets/js/widget-scripts2072.js]
[iccicct.com/wp-content/plugins/elementor/assets/lib/font-awesome/js/v4-shims.mind5d5.js]
[iccicct.com/wp-content/plugins/tablepress/js/jquery.datatables.min8066.js]
[iccicct.com/wp-includes/js/underscore.mind584.js]
[iccicct.com/wp-includes/js/wp-util.minb6a4.js]
[iccicct.com/wp-content/plugins/woocommerce/assets/js/frontend/add-to-cart-variation.min4615.js]
[iccicct.com/wp-content/plugins/woocommerce/assets/js/flexslider/jquery.flexslider.min75ae.js]
[iccicct.com/wp-content/plugins/elementor/assets/js/webpack.runtime.mind5d5.js]
[iccicct.com/wp-content/plugins/elementor/assets/js/frontend-modules.mind5d5.js]
[iccicct.com/wp-content/plugins/elementor/assets/lib/waypoints/waypoints.min05da.js]
[iccicct.com/wp-includes/js/jquery/ui/core.minb37e.js]
[iccicct.com/wp-content/plugins/elementor/assets/js/frontend.mind5d5.js]
[iccicct.com/wp-content/plugins/elementskit-lite/widgets/init/assets/js/animate-circle.min2072.js]
[iccicct.com/wp-content/plugins/elementskit-lite/widgets/init/assets/js/elementor2072.js]
[iccicct.com/wp-content/plugins/wpforms-lite/assets/js/integrations/elementor/frontend.min5352.js]
[iccicct.com/index.html]
[iccicct.com/wp-content/plugins/woocommerce/assets/css/woocommerce-layout4615.css]
[iccicct.com/wp-content/plugins/woocommerce/assets/css/woocommerce-smallscreen4615.css]
[iccicct.com/wp-content/plugins/woocommerce/assets/fonts/WooCommerce.woff2]
[iccicct.com/wp-content/plugins/woocommerce/assets/fonts/WooCommerce.woff]
[iccicct.com/wp-content/plugins/woocommerce/assets/fonts/WooCommerce.ttf]
[iccicct.com/wp-content/plugins/woocommerce/assets/css/woocommerce4615.css]
[iccicct.com/wp-content/plugins/metform/public/assets/lib/cute-alert/style6f61.css]
[iccicct.com/wp-content/plugins/metform/public/assets/css/text-editor6f61.css]
[iccicct.com/wp-includes/fonts/dashicons7d4b.eot]
[iccicct.com/wp-includes/fonts/dashicons7d4b.ttf]
[iccicct.com/wp-includes/css/dashicons.minb6a4.css]
[iccicct.com/wp-content/themes/event-elementor/assets/css/bootstrapb6a4.css]
[iccicct.com/wp-content/themes/event-elementor/assets/css/animateb6a4.css]
[iccicct.com/wp-content/themes/event-elementor/assets/css/headerb6a4.css]
[iccicct.com/wp-content/themes/event-elementor/assets/css/magnific-popupb6a4.css]
[iccicct.com/wp-content/themes/event-elementor/assets/css/owl.carouselb6a4.css]
[iccicct.com/wp-content/themes/event-elementor/assets/css/owl.theme.defaultb6a4.css]
[iccicct.com/wp-content/themes/event-elementor/assets/fonts/fontawesome-webfont3e6e.eot]
[iccicct.com/wp-content/themes/event-elementor/assets/fonts/fontawesome-webfontd41d.eot]
[iccicct.com/wp-content/themes/event-elementor/assets/fonts/fontawesome-webfont3e6e.woff2]
[iccicct.com/wp-content/themes/event-elementor/assets/fonts/fontawesome-webfont3e6e.woff]
[iccicct.com/wp-content/themes/event-elementor/assets/fonts/fontawesome-webfont3e6e.ttf]
[iccicct.com/wp-content/themes/event-elementor/assets/css/font-awesomeb6a4.css]
[iccicct.com/wp-content/themes/event-elementor/assets/css/responsiveb6a4.css]
[iccicct.com/wp-content/themes/event-elementor/assets/css/skin-2b6a4.css]
[iccicct.com/wp-content/themes/event-elementor/assets/css/select2b6a4.css]
[iccicct.com/wp-content/themes/event-elementor/assets/css/home7styleb6a4.css]
[iccicct.com/wp-content/themes/event-elementor/assets/css/front-styleb6a4.css]
[iccicct.com/wp-content/themes/event-elementor/assets/css/event-elementor-customb6a4.css]
[iccicct.com/wp-content/themes/event-elementor/assets/css/event-elementor-woocommerceb6a4.css]
[iccicct.com/wp-content/themes/event-elementor/style20b9.css]
[iccicct.com/wp-content/themes/event-elementor/inc/woocommerce/quick-view/css/quick-viewb6a4.css]
[iccicct.com/wp-content/plugins/elementskit-lite/modules/elementskit-icon-pack/assets/fonts/elementskit97ac.woff]
[iccicct.com/wp-content/plugins/elementskit-lite/modules/elementskit-icon-pack/assets/css/ekiticons2072.css]
[iccicct.com/wp-content/plugins/tablepress/css/build/tablepress.woff]
[iccicct.com/wp-content/plugins/tablepress/css/build/default8066.css]
[iccicct.com/wp-content/plugins/elementor/assets/css/frontend-lite.mind5d5.css]
[iccicct.com/wp-content/plugins/elementor/assets/lib/swiper/v8/css/swiper.min94a4.css]
[iccicct.com/wp-content/uploads/elementor/css/post-6dded.css]
[iccicct.com/wp-content/uploads/elementor/css/globaldded.css]
[iccicct.com/wp-content/uploads/2024/08/iccicct.jpg]
[iccicct.com/wp-content/uploads/elementor/css/post-3137a7a.css]
[iccicct.com/wp-content/plugins/elementskit-lite/widgets/init/assets/img/arrow.png]
[iccicct.com/wp-content/plugins/elementskit-lite/widgets/init/assets/img/sort_asc.png]
[iccicct.com/wp-content/plugins/elementskit-lite/widgets/init/assets/img/sort_desc.png]
[iccicct.com/wp-content/plugins/elementskit-lite/widgets/init/assets/img/sort_asc_disabled.png]
[iccicct.com/wp-content/plugins/elementskit-lite/widgets/init/assets/css/widget-styles2072.css]
[iccicct.com/wp-content/plugins/elementskit-lite/widgets/init/assets/css/responsive2072.css]
[iccicct.com/wp-json/wp/v2/pages/192.json]
[iccicct.com/wp-json/oembed/1.0/embed5aef.json]
[iccicct.com/wp-json/oembed/1.0/embed76c9]
[iccicct.com/committee/index.html]
[iccicct.com/wp-json/wp/v2/pages/141.json]
[iccicct.com/wp-json/oembed/1.0/embedd8b2.json]
[iccicct.com/wp-json/oembed/1.0/embedb1af]
[iccicct.com/wp-content/uploads/2024/03/Paper-Template.docx]
[iccicct.com/wp-content/uploads/2024/03/Conscent-Form.docx]
[iccicct.com/for-authors/index.html]
[iccicct.com/wp-json/wp/v2/pages/437.json]
[iccicct.com/wp-json/oembed/1.0/embed5253.json]
[iccicct.com/wp-json/oembed/1.0/embed1e31]
[iccicct.com/wp-content/uploads/elementor/thumbs/scopus-qlz1kg4qskfv545n9i2igojjgnvgjq77qyxw7qt274.jpg]
[iccicct.com/call-for-papers/index.html]
[iccicct.com/wp-json/wp/v2/pages/446.json]
[iccicct.com/wp-json/oembed/1.0/embed1612.json]
[iccicct.com/wp-json/oembed/1.0/embedc422]
[iccicct.com/wp-content/uploads/2024/04/UPI-ID.jpg]
[iccicct.com/payment/index.html]
[iccicct.com/wp-json/wp/v2/pages/454.json]
[iccicct.com/wp-json/oembed/1.0/embedbe00.json]
[iccicct.com/wp-json/oembed/1.0/embed6a45]
[iccicct.com/wp-content/plugins/metform/public/assets/js/htm6f61.js]
[iccicct.com/wp-includes/js/dist/vendor/react.mincb06.js]
[iccicct.com/wp-includes/js/dist/vendor/react-dom.mincb06.js]
[iccicct.com/wp-includes/js/dist/escape-html.min3a9d.js]
[iccicct.com/wp-includes/js/dist/element.min1596.js]
[iccicct.com/wp-content/plugins/metform/public/assets/js/app6f61.js]
[iccicct.com/registration/index.html]
[iccicct.com/wp-json/wp/v2/pages/466.json]
[iccicct.com/wp-json/oembed/1.0/embedae36.json]
[iccicct.com/wp-json/oembed/1.0/embed5496]
[iccicct.com/wp-includes/js/wp-embed.minb6a4.js]
[iccicct.com/conference-venue/index.html]
[iccicct.com/wp-json/wp/v2/pages/222.json]
[iccicct.com/wp-json/oembed/1.0/embed81b4.json]
[iccicct.com/wp-json/oembed/1.0/embed37b4]
[iccicct.com/contact/index.html]
[iccicct.com/wp-content/plugins/woocommerce/assets/client/blocks/wc-blocksbbf5.css]
[iccicct.com/wp-content/plugins/elementor/assets/lib/font-awesome/webfonts/fa-brands-400.eot]
[iccicct.com/wp-content/plugins/elementor/assets/lib/font-awesome/webfonts/fa-brands-400d41d.eot]
[iccicct.com/wp-content/plugins/elementor/assets/lib/font-awesome/webfonts/fa-brands-400.woff2]
[iccicct.com/wp-content/plugins/elementor/assets/lib/font-awesome/webfonts/fa-brands-400.woff]
[iccicct.com/wp-content/plugins/elementor/assets/lib/font-awesome/webfonts/fa-brands-400.ttf]
[iccicct.com/wp-content/plugins/elementor/assets/lib/font-awesome/webfonts/fa-regular-400.eot]
[iccicct.com/wp-content/plugins/elementor/assets/lib/font-awesome/webfonts/fa-regular-400d41d.eot]
[iccicct.com/wp-content/plugins/elementor/assets/lib/font-awesome/webfonts/fa-regular-400.woff2]
[iccicct.com/wp-content/plugins/elementor/assets/lib/font-awesome/webfonts/fa-regular-400.woff]
[iccicct.com/wp-content/plugins/elementor/assets/lib/font-awesome/webfonts/fa-regular-400.ttf]
[iccicct.com/wp-content/plugins/elementor/assets/lib/font-awesome/webfonts/fa-solid-900.eot]
[iccicct.com/wp-content/plugins/elementor/assets/lib/font-awesome/webfonts/fa-solid-900d41d.eot]
[iccicct.com/wp-content/plugins/elementor/assets/lib/font-awesome/webfonts/fa-solid-900.woff2]
[iccicct.com/wp-content/plugins/elementor/assets/lib/font-awesome/webfonts/fa-solid-900.woff]
[iccicct.com/wp-content/plugins/elementor/assets/lib/font-awesome/webfonts/fa-solid-900.ttf]
[iccicct.com/wp-content/plugins/elementor/assets/lib/font-awesome/css/all.mind5d5.css]
[iccicct.com/wp-content/plugins/elementor/assets/lib/font-awesome/css/v4-shims.mind5d5.css]
[iccicct.com/wp-content/plugins/woocommerce/assets/images/icons/loader.svg]
[iccicct.com/wp-content/plugins/woocommerce/assets/images/icons/credit-cards/visa.svg]
[iccicct.com/wp-content/plugins/woocommerce/assets/images/icons/credit-cards/mastercard.svg]
[iccicct.com/wp-content/plugins/woocommerce/assets/images/icons/credit-cards/laser.svg]
[iccicct.com/wp-content/plugins/woocommerce/assets/images/icons/credit-cards/diners.svg]
[iccicct.com/wp-content/plugins/woocommerce/assets/images/icons/credit-cards/maestro.svg]
[iccicct.com/wp-content/plugins/woocommerce/assets/images/icons/credit-cards/jcb.svg]
[iccicct.com/wp-content/plugins/woocommerce/assets/images/icons/credit-cards/amex.svg]
[iccicct.com/wp-content/plugins/woocommerce/assets/images/icons/credit-cards/discover.svg]
[iccicct.com/wp-content/themes/event-elementor/assets/css/owl.video.play.html]
[iccicct.com/wp-content/themes/event-elementor/assets/fonts/fontawesome-webfont3e6e.svg]
[iccicct.com/wp-content/themes/event-elementor/assets/css/images/Spinner.html]
[iccicct.com/wp-content/themes/event-elementor/assets/css/image/founder.html]
[iccicct.com/wp-content/plugins/elementskit-lite/widgets/init/assets/img/cross-out.svg]
[iccicct.com/wp-content/uploads/elementor/css/post-1925e67.css]
[iccicct.com/index5a6a.html]
[iccicct.com/wp-content/uploads/2024/02/Group-1319.png]
[iccicct.com/wp-content/uploads/2024/02/Group-1613.png]
[iccicct.com/wp-content/uploads/elementor/css/post-141cd62.css]
[iccicct.com/index269b.html]
[iccicct.com/wp-content/uploads/elementor/css/post-437da0c.css]
[iccicct.com/index14c7.html]
[iccicct.com/wp-content/plugins/elementor/assets/css/widget-icon-list.min.css]
[iccicct.com/wp-content/uploads/elementor/css/post-44685b6.css]
[iccicct.com/index4fd2.html]
[iccicct.com/wp-content/uploads/elementor/css/post-454dded.css]
[iccicct.com/index6353.html]
[iccicct.com/wp-content/uploads/elementor/css/post-483dded.css]
[iccicct.com/wp-content/plugins/metform/public/assets/css/metform-ui6f61.css]
[iccicct.com/wp-content/plugins/metform/public/assets/css/style6f61.css]
[iccicct.com/wp-content/uploads/elementor/css/post-4662719.css]
[iccicct.com/index2905.html]
[iccicct.com/wp-content/uploads/elementor/css/post-22211e0.css]
[iccicct.com/indexb4c1.html]
[iccicct.com/wp-content/plugins/elementor/assets/lib/font-awesome/webfonts/fa-brands-400.svg]
[iccicct.com/wp-content/plugins/elementor/assets/lib/font-awesome/webfonts/fa-regular-400.svg]
[iccicct.com/wp-content/plugins/elementor/assets/lib/font-awesome/webfonts/fa-solid-900.svg]
